Collecting PySide6==6.11.2 (from -r /Users/glen/Documents/Grok-GPT Sandbox/Full-Kit-1.00.1-build-artifact/requirements-application.txt (line 1))
  Using cached pyside6-6.11.2-cp310-abi3-win_amd64.whl.metadata (5.4 kB)
Collecting jsonschema==4.26.0 (from jsonschema[format]==4.26.0->-r /Users/glen/Documents/Grok-GPT Sandbox/Full-Kit-1.00.1-build-artifact/requirements-application.txt (line 2))
  Using cached jsonschema-4.26.0-py3-none-any.whl.metadata (7.6 kB)
Collecting tzdata==2026.4 (from -r /Users/glen/Documents/Grok-GPT Sandbox/Full-Kit-1.00.1-build-artifact/requirements-application.txt (line 3))
  Using cached tzdata-2026.4-py2.py3-none-any.whl.metadata (1.4 kB)
Collecting pytest==9.0.2 (from -r /Users/glen/Documents/Grok-GPT Sandbox/Full-Kit-1.00.1-build-artifact/requirements-validation.txt (line 2))
  Using cached pytest-9.0.2-py3-none-any.whl.metadata (7.6 kB)
Collecting colorama==0.4.6 (from -r /Users/glen/Documents/Grok-GPT Sandbox/Full-Kit-1.00.1-build-artifact/requirements-validation.txt (line 3))
  Using cached colorama-0.4.6-py2.py3-none-any.whl.metadata (17 kB)
Collecting build==1.4.0 (from -r /Users/glen/Documents/Grok-GPT Sandbox/Full-Kit-1.00.1-build-artifact/requirements-build.txt (line 1))
  Using cached build-1.4.0-py3-none-any.whl.metadata (5.8 kB)
Collecting setuptools==84.0.0 (from -r /Users/glen/Documents/Grok-GPT Sandbox/Full-Kit-1.00.1-build-artifact/requirements-build.txt (line 2))
  Downloading setuptools-84.0.0-py3-none-any.whl.metadata (6.6 kB)
Collecting shiboken6==6.11.2 (from PySide6==6.11.2->-r /Users/glen/Documents/Grok-GPT Sandbox/Full-Kit-1.00.1-build-artifact/requirements-application.txt (line 1))
  Using cached shiboken6-6.11.2-cp310-abi3-win_amd64.whl.metadata (2.5 kB)
Collecting PySide6_Essentials==6.11.2 (from PySide6==6.11.2->-r /Users/glen/Documents/Grok-GPT Sandbox/Full-Kit-1.00.1-build-artifact/requirements-application.txt (line 1))
  Using cached pyside6_essentials-6.11.2-cp310-abi3-win_amd64.whl.metadata (3.8 kB)
Collecting PySide6_Addons==6.11.2 (from PySide6==6.11.2->-r /Users/glen/Documents/Grok-GPT Sandbox/Full-Kit-1.00.1-build-artifact/requirements-application.txt (line 1))
  Using cached pyside6_addons-6.11.2-cp310-abi3-win_amd64.whl.metadata (4.2 kB)
Collecting attrs>=22.2.0 (from jsonschema==4.26.0->jsonschema[format]==4.26.0->-r /Users/glen/Documents/Grok-GPT Sandbox/Full-Kit-1.00.1-build-artifact/requirements-application.txt (line 2))
  Using cached attrs-26.1.0-py3-none-any.whl.metadata (8.8 kB)
Collecting jsonschema-specifications>=2023.03.6 (from jsonschema==4.26.0->jsonschema[format]==4.26.0->-r /Users/glen/Documents/Grok-GPT Sandbox/Full-Kit-1.00.1-build-artifact/requirements-application.txt (line 2))
  Using cached jsonschema_specifications-2025.9.1-py3-none-any.whl.metadata (2.9 kB)
Collecting referencing>=0.28.4 (from jsonschema==4.26.0->jsonschema[format]==4.26.0->-r /Users/glen/Documents/Grok-GPT Sandbox/Full-Kit-1.00.1-build-artifact/requirements-application.txt (line 2))
  Using cached referencing-0.37.0-py3-none-any.whl.metadata (2.8 kB)
Collecting rpds-py>=0.25.0 (from jsonschema==4.26.0->jsonschema[format]==4.26.0->-r /Users/glen/Documents/Grok-GPT Sandbox/Full-Kit-1.00.1-build-artifact/requirements-application.txt (line 2))
  Using cached rpds_py-2026.6.3-cp313-cp313-win_amd64.whl.metadata (4.2 kB)
Collecting iniconfig>=1.0.1 (from pytest==9.0.2->-r /Users/glen/Documents/Grok-GPT Sandbox/Full-Kit-1.00.1-build-artifact/requirements-validation.txt (line 2))
  Using cached iniconfig-2.3.0-py3-none-any.whl.metadata (2.5 kB)
Collecting packaging>=22 (from pytest==9.0.2->-r /Users/glen/Documents/Grok-GPT Sandbox/Full-Kit-1.00.1-build-artifact/requirements-validation.txt (line 2))
  Using cached packaging-26.3-py3-none-any.whl.metadata (3.5 kB)
Collecting pluggy<2,>=1.5 (from pytest==9.0.2->-r /Users/glen/Documents/Grok-GPT Sandbox/Full-Kit-1.00.1-build-artifact/requirements-validation.txt (line 2))
  Using cached pluggy-1.6.0-py3-none-any.whl.metadata (4.8 kB)
Collecting pygments>=2.7.2 (from pytest==9.0.2->-r /Users/glen/Documents/Grok-GPT Sandbox/Full-Kit-1.00.1-build-artifact/requirements-validation.txt (line 2))
  Using cached pygments-2.21.0-py3-none-any.whl.metadata (2.5 kB)
Collecting pyproject_hooks (from build==1.4.0->-r /Users/glen/Documents/Grok-GPT Sandbox/Full-Kit-1.00.1-build-artifact/requirements-build.txt (line 1))
  Using cached pyproject_hooks-1.3.3-py3-none-any.whl.metadata (1.3 kB)
Collecting fqdn (from jsonschema[format]==4.26.0->-r /Users/glen/Documents/Grok-GPT Sandbox/Full-Kit-1.00.1-build-artifact/requirements-application.txt (line 2))
  Using cached fqdn-1.5.1-py3-none-any.whl.metadata (1.4 kB)
Collecting idna (from jsonschema[format]==4.26.0->-r /Users/glen/Documents/Grok-GPT Sandbox/Full-Kit-1.00.1-build-artifact/requirements-application.txt (line 2))
  Using cached idna-3.20-py3-none-any.whl.metadata (7.2 kB)
Collecting isoduration (from jsonschema[format]==4.26.0->-r /Users/glen/Documents/Grok-GPT Sandbox/Full-Kit-1.00.1-build-artifact/requirements-application.txt (line 2))
  Using cached isoduration-20.11.0-py3-none-any.whl.metadata (5.7 kB)
Collecting jsonpointer>1.13 (from jsonschema[format]==4.26.0->-r /Users/glen/Documents/Grok-GPT Sandbox/Full-Kit-1.00.1-build-artifact/requirements-application.txt (line 2))
  Using cached jsonpointer-3.1.1-py3-none-any.whl.metadata (2.4 kB)
Collecting rfc3339-validator (from jsonschema[format]==4.26.0->-r /Users/glen/Documents/Grok-GPT Sandbox/Full-Kit-1.00.1-build-artifact/requirements-application.txt (line 2))
  Using cached rfc3339_validator-0.1.4-py2.py3-none-any.whl.metadata (1.5 kB)
Collecting rfc3987 (from jsonschema[format]==4.26.0->-r /Users/glen/Documents/Grok-GPT Sandbox/Full-Kit-1.00.1-build-artifact/requirements-application.txt (line 2))
  Using cached rfc3987-1.3.8-py2.py3-none-any.whl.metadata (7.5 kB)
Collecting uri-template (from jsonschema[format]==4.26.0->-r /Users/glen/Documents/Grok-GPT Sandbox/Full-Kit-1.00.1-build-artifact/requirements-application.txt (line 2))
  Using cached uri_template-1.3.0-py3-none-any.whl.metadata (8.8 kB)
Collecting webcolors>=1.11 (from jsonschema[format]==4.26.0->-r /Users/glen/Documents/Grok-GPT Sandbox/Full-Kit-1.00.1-build-artifact/requirements-application.txt (line 2))
  Using cached webcolors-25.10.0-py3-none-any.whl.metadata (2.2 kB)
Collecting typing-extensions>=4.4.0 (from referencing>=0.28.4->jsonschema==4.26.0->jsonschema[format]==4.26.0->-r /Users/glen/Documents/Grok-GPT Sandbox/Full-Kit-1.00.1-build-artifact/requirements-application.txt (line 2))
  Using cached typing_extensions-4.16.0-py3-none-any.whl.metadata (3.3 kB)
Collecting arrow>=0.15.0 (from isoduration->jsonschema[format]==4.26.0->-r /Users/glen/Documents/Grok-GPT Sandbox/Full-Kit-1.00.1-build-artifact/requirements-application.txt (line 2))
  Using cached arrow-1.4.0-py3-none-any.whl.metadata (7.7 kB)
Collecting six (from rfc3339-validator->jsonschema[format]==4.26.0->-r /Users/glen/Documents/Grok-GPT Sandbox/Full-Kit-1.00.1-build-artifact/requirements-application.txt (line 2))
  Using cached six-1.17.0-py2.py3-none-any.whl.metadata (1.7 kB)
Collecting python-dateutil>=2.7.0 (from arrow>=0.15.0->isoduration->jsonschema[format]==4.26.0->-r /Users/glen/Documents/Grok-GPT Sandbox/Full-Kit-1.00.1-build-artifact/requirements-application.txt (line 2))
  Using cached python_dateutil-2.9.0.post0-py2.py3-none-any.whl.metadata (8.4 kB)
Using cached pyside6-6.11.2-cp310-abi3-win_amd64.whl (578 kB)
Using cached jsonschema-4.26.0-py3-none-any.whl (90 kB)
Using cached tzdata-2026.4-py2.py3-none-any.whl (347 kB)
Using cached pytest-9.0.2-py3-none-any.whl (374 kB)
Using cached colorama-0.4.6-py2.py3-none-any.whl (25 kB)
Using cached build-1.4.0-py3-none-any.whl (24 kB)
Downloading setuptools-84.0.0-py3-none-any.whl (818 kB)
   ━━━━━━━━━━━━━━━━━━━━━━━━━━━━━━━━━━━━━━━━ 818.2/818.2 kB 9.4 MB/s eta 0:00:00
Using cached pyside6_addons-6.11.2-cp310-abi3-win_amd64.whl (168.2 MB)
Using cached pyside6_essentials-6.11.2-cp310-abi3-win_amd64.whl (76.9 MB)
Using cached shiboken6-6.11.2-cp310-abi3-win_amd64.whl (1.2 MB)
Using cached attrs-26.1.0-py3-none-any.whl (67 kB)
Using cached iniconfig-2.3.0-py3-none-any.whl (7.5 kB)
Using cached jsonpointer-3.1.1-py3-none-any.whl (7.7 kB)
Using cached jsonschema_specifications-2025.9.1-py3-none-any.whl (18 kB)
Using cached packaging-26.3-py3-none-any.whl (129 kB)
Using cached pluggy-1.6.0-py3-none-any.whl (20 kB)
Using cached pygments-2.21.0-py3-none-any.whl (1.3 MB)
Using cached referencing-0.37.0-py3-none-any.whl (26 kB)
Using cached rpds_py-2026.6.3-cp313-cp313-win_amd64.whl (219 kB)
Using cached webcolors-25.10.0-py3-none-any.whl (14 kB)
Using cached fqdn-1.5.1-py3-none-any.whl (9.1 kB)
Using cached idna-3.20-py3-none-any.whl (69 kB)
Using cached isoduration-20.11.0-py3-none-any.whl (11 kB)
Using cached pyproject_hooks-1.3.3-py3-none-any.whl (10 kB)
Using cached rfc3339_validator-0.1.4-py2.py3-none-any.whl (3.5 kB)
Using cached rfc3987-1.3.8-py2.py3-none-any.whl (13 kB)
Using cached uri_template-1.3.0-py3-none-any.whl (11 kB)
Using cached arrow-1.4.0-py3-none-any.whl (68 kB)
Using cached typing_extensions-4.16.0-py3-none-any.whl (45 kB)
Using cached six-1.17.0-py2.py3-none-any.whl (11 kB)
Using cached python_dateutil-2.9.0.post0-py2.py3-none-any.whl (229 kB)
Would install PySide6-6.11.2 PySide6_Addons-6.11.2 PySide6_Essentials-6.11.2 Pygments-2.21.0 arrow-1.4.0 attrs-26.1.0 build-1.4.0 colorama-0.4.6 fqdn-1.5.1 idna-3.20 iniconfig-2.3.0 isoduration-20.11.0 jsonpointer-3.1.1 jsonschema-4.26.0 jsonschema-specifications-2025.9.1 packaging-26.3 pluggy-1.6.0 pyproject_hooks-1.3.3 pytest-9.0.2 python-dateutil-2.9.0.post0 referencing-0.37.0 rfc3339-validator-0.1.4 rfc3987-1.3.8 rpds-py-2026.6.3 setuptools-84.0.0 shiboken6-6.11.2 six-1.17.0 typing_extensions-4.16.0 tzdata-2026.4 uri-template-1.3.0 webcolors-25.10.0

[notice] A new release of pip is available: 25.0.1 -> 26.2.1
[notice] To update, run: /Users/glen/.cache/fullkit-contract-validation/bin/python -m pip install --upgrade pip
